2026-09-14
[Implementasi awal]
+ Menambahkan MacroRunner untuk menyusun, menyimpan, dan menjalankan antrean macro melalui MacroSelection, MacroQueue, dan MacroRunnerMenu.
+ Mendukung Add, Save, Remove, Clear, dan Select; perubahan yang ditutup tanpa Save dibatalkan.
+ Mencatat durasi setiap macro sampai form ditutup, dengan Continue manual untuk menjalankan langkah berikutnya.
+ Antrean berhenti saat runner menerima error; langkah tersisa ditandai SKIPPED.
+ Menambahkan penyalinan statistik lengkap beserta total durasi.
+ Mengintegrasikan deteksi penutupan pada sepuluh UserForm tujuan.
~ Memperbaiki Close Perimeter Counter agar tidak mereset MacroRunner.

[Perbaikan path GMS]
~ Memperbaiki Error 76 saat membuka MacroSelection akibat lokasi folder GMS yang keliru. Pencarian kini mengikuti versi CorelDRAW aktif.

[cmdSet - pemisahan discovery dan diagnosis COM]
+ Memperjelas pesan error cmdSet agar tahap kegagalan lebih mudah ditelusuri.
~ Pemilihan dan penyimpanan antrean kini cukup membaca daftar file GMS; pemeriksaan kesiapan macro dilakukan saat Process.

[Rekap pekerjaan 14 September]
Catatan: Validasi saat pengerjaan mencakup pemeriksaan statis dan simulasi. Konfirmasi runtime dicatat pada 15 September.

2026-09-15
[AutoDistributeUF - registrasi form]
+ Memperjelas diagnosis ketika pembuka macro tidak ditemukan, termasuk informasi project dan prosedur terkait.
~ Menambahkan pemetaan form khusus AutoDistributeUF agar pembukaan macro lebih stabil.

[Error 438 - diagnosis pemanggilan]
+ Pesan kegagalan Process kini menampilkan tahap, Source, project, dan form tujuan.
~ Mempertahankan pesan error awal saat pembaruan tampilan ikut gagal.
~ Menyesuaikan pengiriman callback antar-macro untuk menguji kemungkinan penyebab Error 438.

[Error 424 - pemuatan form]
+ Memperjelas panduan penggunaan bridge khusus dan bridge generik.
~ Memuat form AutoDistributeUF melalui bridge khusus serta meneruskan Source error dengan lebih konsisten.

[Koreksi nama UserForm]
~ Menyelaraskan katalog, bridge, dan wrapper ke AutoDistributeMenu untuk memperbaiki Error 424 dan kesalahan tipe saat compile.

[Perbaikan MacroQueue]
~ Memperbaiki bug path Document yang menghambat pengaturan MacroQueue.

2026-09-16
[MacroQueue - lifecycle]
~ Memperbaiki lifecycle MacroQueue agar Select/Save tidak menutup seluruh macro. Form kini disembunyikan dan dapat dibuka kembali tanpa kehilangan state.
